mode: set
knot_db/client/default_engine.go:34.54,36.36 2 1
knot_db/client/default_engine.go:36.36,38.3 1 0
knot_db/client/default_engine.go:39.2,39.15 1 1
knot_db/client/default_engine.go:42.54,45.23 2 1
knot_db/client/default_engine.go:45.23,48.3 2 0
knot_db/client/default_engine.go:49.2,49.38 1 1
knot_db/client/default_engine.go:49.38,52.3 2 0
knot_db/client/default_engine.go:54.2,55.48 2 1
knot_db/client/default_engine.go:55.48,56.25 1 1
knot_db/client/default_engine.go:56.25,57.28 1 1
knot_db/client/default_engine.go:57.28,60.5 2 1
knot_db/client/default_engine.go:61.4,61.31 1 1
knot_db/client/default_engine.go:61.31,64.5 2 1
knot_db/client/default_engine.go:65.4,65.31 1 1
knot_db/client/default_engine.go:65.31,68.5 2 0
knot_db/client/default_engine.go:69.4,69.62 1 1
knot_db/client/default_engine.go:69.62,72.5 2 0
knot_db/client/default_engine.go:73.4,73.18 1 1
knot_db/client/default_engine.go:74.9,77.4 2 0
knot_db/client/default_engine.go:80.2,81.98 2 1
knot_db/client/default_engine.go:81.98,84.3 2 0
knot_db/client/default_engine.go:86.2,86.13 1 1
knot_db/client/default_engine.go:86.13,88.17 2 1
knot_db/client/default_engine.go:88.17,91.4 2 0
knot_db/client/default_engine.go:92.3,92.14 1 1
knot_db/client/default_engine.go:92.14,103.18 4 1
knot_db/client/default_engine.go:103.18,106.5 2 0
knot_db/client/default_engine.go:110.2,113.12 4 1
knot_db/client/default_engine.go:116.58,117.9 1 1
knot_db/client/default_engine.go:118.20,119.19 1 0
knot_db/client/default_engine.go:120.10,120.10 0 1
knot_db/client/default_engine.go:123.2,123.33 1 1
knot_db/client/default_engine.go:123.33,125.3 1 0
knot_db/client/default_engine.go:126.2,126.33 1 1
knot_db/client/default_engine.go:126.33,128.3 1 0
knot_db/client/default_engine.go:129.2,129.12 1 1
knot_db/client/default_engine.go:132.92,133.37 1 1
knot_db/client/default_engine.go:133.37,135.3 1 0
knot_db/client/default_engine.go:136.2,136.43 1 1
knot_db/client/default_engine.go:136.43,138.3 1 0
knot_db/client/default_engine.go:140.2,141.16 2 1
knot_db/client/default_engine.go:141.16,142.91 1 1
knot_db/client/default_engine.go:142.91,144.4 1 1
knot_db/client/default_engine.go:145.3,145.26 1 0
knot_db/client/default_engine.go:147.2,147.43 1 1
knot_db/client/default_engine.go:147.43,149.3 1 0
knot_db/client/default_engine.go:151.2,167.8 4 1
knot_db/client/default_engine.go:170.107,171.37 1 1
knot_db/client/default_engine.go:171.37,173.3 1 0
knot_db/client/default_engine.go:174.2,174.19 1 1
knot_db/client/default_engine.go:174.19,176.3 1 0
knot_db/client/default_engine.go:177.2,177.32 1 1
knot_db/client/default_engine.go:177.32,179.3 1 0
knot_db/client/default_engine.go:180.2,180.38 1 1
knot_db/client/default_engine.go:180.38,182.3 1 0
knot_db/client/default_engine.go:183.2,183.81 1 1
knot_db/client/default_engine.go:183.81,185.3 1 1
knot_db/client/default_engine.go:187.2,188.60 2 1
knot_db/client/default_engine.go:188.60,190.3 1 1
knot_db/client/default_engine.go:192.2,193.16 2 1
knot_db/client/default_engine.go:193.16,195.3 1 0
knot_db/client/default_engine.go:196.2,196.35 1 1
knot_db/client/default_engine.go:196.35,198.60 2 1
knot_db/client/default_engine.go:198.60,200.4 1 0
knot_db/client/default_engine.go:203.2,204.16 2 1
knot_db/client/default_engine.go:204.16,206.3 1 0
knot_db/client/default_engine.go:207.2,207.27 1 1
knot_db/client/default_engine.go:207.27,208.48 1 0
knot_db/client/default_engine.go:208.48,210.4 1 0
knot_db/client/default_engine.go:213.2,215.59 3 1
knot_db/client/default_engine.go:215.59,217.3 1 0
knot_db/client/default_engine.go:219.2,219.86 1 1
knot_db/client/default_engine.go:222.105,223.37 1 1
knot_db/client/default_engine.go:223.37,225.3 1 0
knot_db/client/default_engine.go:226.2,226.68 1 1
knot_db/client/default_engine.go:226.68,228.3 1 0
knot_db/client/default_engine.go:229.2,229.126 1 1
knot_db/client/default_engine.go:229.126,231.3 1 0
knot_db/client/default_engine.go:233.2,234.48 2 1
knot_db/client/default_engine.go:234.48,236.3 1 0
knot_db/client/default_engine.go:237.2,237.19 1 1
knot_db/client/default_engine.go:237.19,239.3 1 0
knot_db/client/default_engine.go:241.2,242.16 2 1
knot_db/client/default_engine.go:242.16,244.3 1 0
knot_db/client/default_engine.go:245.2,246.24 2 1
knot_db/client/default_engine.go:246.24,247.35 1 1
knot_db/client/default_engine.go:247.35,249.9 2 1
knot_db/client/default_engine.go:252.2,252.18 1 1
knot_db/client/default_engine.go:252.18,254.3 1 0
knot_db/client/default_engine.go:256.2,256.39 1 1
knot_db/client/default_engine.go:256.39,257.89 1 0
knot_db/client/default_engine.go:257.89,259.4 1 0
knot_db/client/default_engine.go:262.2,262.72 1 1
knot_db/client/default_engine.go:265.39,268.2 2 1
knot_db/client/default_engine.go:283.60,286.16 3 1
knot_db/client/default_engine.go:286.16,287.25 1 1
knot_db/client/default_engine.go:287.25,289.4 1 1
knot_db/client/default_engine.go:290.3,290.18 1 0
knot_db/client/default_engine.go:292.2,293.50 2 0
knot_db/client/default_engine.go:293.50,295.3 1 0
knot_db/client/default_engine.go:296.2,296.17 1 0
knot_db/client/default_engine.go:299.66,302.16 3 1
knot_db/client/default_engine.go:302.16,304.3 1 0
knot_db/client/default_engine.go:305.2,306.37 2 1
knot_db/client/default_engine.go:309.60,312.16 3 1
knot_db/client/default_engine.go:312.16,313.25 1 1
knot_db/client/default_engine.go:313.25,315.4 1 1
knot_db/client/default_engine.go:316.3,316.18 1 0
knot_db/client/default_engine.go:318.2,319.50 2 1
knot_db/client/default_engine.go:319.50,321.3 1 0
knot_db/client/default_engine.go:322.2,322.17 1 1
knot_db/client/default_engine.go:325.66,328.16 3 1
knot_db/client/default_engine.go:328.16,330.3 1 0
knot_db/client/default_engine.go:331.2,332.37 2 1
knot_db/client/default_engine.go:335.61,336.27 1 1
knot_db/client/default_engine.go:336.27,337.27 1 0
knot_db/client/default_engine.go:337.27,339.4 1 0
knot_db/client/default_engine.go:341.2,341.14 1 1
knot_db/client/default_engine.go:344.51,345.27 1 1
knot_db/client/default_engine.go:345.27,346.19 1 1
knot_db/client/default_engine.go:346.19,348.4 1 1
knot_db/client/default_engine.go:350.2,350.14 1 1
knot_db/client/default_session.go:21.96,22.42 1 0
knot_db/client/default_session.go:22.42,24.3 1 0
knot_db/client/default_session.go:25.2,26.16 2 0
knot_db/client/default_session.go:26.16,28.3 1 0
knot_db/client/default_session.go:30.2,31.18 2 0
knot_db/client/default_session.go:31.18,33.3 1 0
knot_db/client/default_session.go:34.2,34.24 1 0
knot_db/client/default_session.go:34.24,35.50 1 0
knot_db/client/default_session.go:35.50,37.4 1 0
knot_db/client/default_session.go:40.2,48.44 3 0
knot_db/client/default_session.go:48.44,50.3 1 0
knot_db/client/default_session.go:51.2,51.15 1 0
knot_db/client/default_session.go:54.96,55.42 1 0
knot_db/client/default_session.go:55.42,57.3 1 0
knot_db/client/default_session.go:58.2,59.16 2 0
knot_db/client/default_session.go:59.16,61.3 1 0
knot_db/client/default_session.go:62.2,62.46 1 0
knot_db/client/default_session.go:62.46,64.3 1 0
knot_db/client/default_session.go:65.2,65.44 1 0
knot_db/client/default_session.go:65.44,67.3 1 0
knot_db/client/default_session.go:69.2,70.16 2 0
knot_db/client/default_session.go:70.16,72.3 1 0
knot_db/client/default_session.go:73.2,74.18 2 0
knot_db/client/default_session.go:74.18,76.3 1 0
knot_db/client/default_session.go:77.2,79.44 3 0
knot_db/client/default_session.go:79.44,81.3 1 0
knot_db/client/default_session.go:82.2,82.15 1 0
knot_db/client/default_session.go:85.86,86.42 1 0
knot_db/client/default_session.go:86.42,88.3 1 0
knot_db/client/default_session.go:89.2,89.29 1 0
knot_db/client/default_session.go:89.29,90.46 1 0
knot_db/client/default_session.go:90.46,92.4 1 0
knot_db/client/default_session.go:94.2,94.29 1 0
knot_db/client/default_session.go:94.29,95.46 1 0
knot_db/client/default_session.go:95.46,97.4 1 0
knot_db/client/default_session.go:99.2,99.12 1 0
knot_db/client/default_session.go:102.93,103.42 1 0
knot_db/client/default_session.go:103.42,105.3 1 0
knot_db/client/default_session.go:106.2,107.16 2 0
knot_db/client/default_session.go:107.16,109.3 1 0
knot_db/client/default_session.go:110.2,111.9 2 0
knot_db/client/default_session.go:111.9,113.3 1 0
knot_db/client/default_session.go:114.2,114.15 1 0
knot_db/client/default_session.go:117.45,120.2 2 1
knot_db/client/default_session.go:122.69,123.9 1 0
knot_db/client/default_session.go:124.20,125.19 1 0
knot_db/client/default_session.go:126.10,126.10 0 0
knot_db/client/default_session.go:128.2,128.14 1 0
knot_db/client/default_session.go:128.14,130.3 1 0
knot_db/client/default_session.go:131.2,131.12 1 0
knot_db/client/default_session.go:134.50,136.2 1 0
knot_db/client/default_session.go:138.50,140.2 1 0
knot_db/client/default_session.go:142.63,145.16 3 0
knot_db/client/default_session.go:145.16,146.25 1 0
knot_db/client/default_session.go:146.25,148.4 1 0
knot_db/client/default_session.go:149.3,149.18 1 0
knot_db/client/default_session.go:151.2,152.50 2 0
knot_db/client/default_session.go:152.50,154.3 1 0
knot_db/client/default_session.go:155.2,155.17 1 0
knot_db/client/default_session.go:158.66,160.16 2 0
knot_db/client/default_session.go:160.16,162.3 1 0
knot_db/client/default_session.go:163.2,164.46 2 0
knot_db/client/default_session.go:167.63,170.16 3 0
knot_db/client/default_session.go:170.16,171.25 1 0
knot_db/client/default_session.go:171.25,173.4 1 0
knot_db/client/default_session.go:174.3,174.18 1 0
knot_db/client/default_session.go:176.2,177.50 2 0
knot_db/client/default_session.go:177.50,179.3 1 0
knot_db/client/default_session.go:180.2,180.17 1 0
knot_db/client/default_session.go:183.66,185.16 2 0
knot_db/client/default_session.go:185.16,187.3 1 0
knot_db/client/default_session.go:188.2,189.46 2 0
knot_db/client/default_session.go:192.65,193.26 1 0
knot_db/client/default_session.go:193.26,194.17 1 0
knot_db/client/default_session.go:194.17,196.4 1 0
knot_db/client/default_session.go:198.2,198.26 1 0
knot_db/client/default_session.go:201.30,204.2 2 0
knot_db/core/usermgmt/default_manager.go:44.50,46.2 1 1
knot_db/core/usermgmt/default_manager.go:48.104,49.34 1 1
knot_db/core/usermgmt/default_manager.go:49.34,51.3 1 0
knot_db/core/usermgmt/default_manager.go:52.2,52.39 1 1
knot_db/core/usermgmt/default_manager.go:52.39,54.3 1 0
knot_db/core/usermgmt/default_manager.go:55.2,55.53 1 1
knot_db/core/usermgmt/default_manager.go:55.53,57.3 1 0
knot_db/core/usermgmt/default_manager.go:58.2,62.16 4 1
knot_db/core/usermgmt/default_manager.go:62.16,64.3 1 0
knot_db/core/usermgmt/default_manager.go:65.2,67.16 3 1
knot_db/core/usermgmt/default_manager.go:67.16,69.3 1 1
knot_db/core/usermgmt/default_manager.go:71.2,71.48 1 1
knot_db/core/usermgmt/default_manager.go:71.48,72.25 1 1
knot_db/core/usermgmt/default_manager.go:72.25,76.4 3 1
knot_db/core/usermgmt/default_manager.go:77.3,77.13 1 0
knot_db/core/usermgmt/default_manager.go:80.2,81.16 2 1
knot_db/core/usermgmt/default_manager.go:81.16,83.3 1 0
knot_db/core/usermgmt/default_manager.go:84.2,85.16 2 1
knot_db/core/usermgmt/default_manager.go:85.16,87.3 1 1
knot_db/core/usermgmt/default_manager.go:88.2,90.12 3 0
knot_db/core/usermgmt/default_manager.go:93.96,94.34 1 1
knot_db/core/usermgmt/default_manager.go:94.34,96.3 1 0
knot_db/core/usermgmt/default_manager.go:97.2,97.42 1 1
knot_db/core/usermgmt/default_manager.go:97.42,99.3 1 0
knot_db/core/usermgmt/default_manager.go:100.2,101.16 2 1
knot_db/core/usermgmt/default_manager.go:104.99,105.34 1 0
knot_db/core/usermgmt/default_manager.go:105.34,107.3 1 0
knot_db/core/usermgmt/default_manager.go:108.2,109.9 2 0
knot_db/core/usermgmt/default_manager.go:109.9,111.3 1 0
knot_db/core/usermgmt/default_manager.go:112.2,112.31 1 0
knot_db/core/usermgmt/default_manager.go:115.98,116.34 1 1
knot_db/core/usermgmt/default_manager.go:116.34,118.3 1 0
knot_db/core/usermgmt/default_manager.go:119.2,119.50 1 1
knot_db/core/usermgmt/default_manager.go:119.50,121.3 1 0
knot_db/core/usermgmt/default_manager.go:122.2,122.42 1 1
knot_db/core/usermgmt/default_manager.go:122.42,124.3 1 0
knot_db/core/usermgmt/default_manager.go:125.2,126.48 2 1
knot_db/core/usermgmt/default_manager.go:126.48,128.3 1 0
knot_db/core/usermgmt/default_manager.go:130.2,131.23 2 1
knot_db/core/usermgmt/default_manager.go:131.23,133.3 1 0
knot_db/core/usermgmt/default_manager.go:134.2,135.18 2 1
knot_db/core/usermgmt/default_manager.go:135.18,137.3 1 0
knot_db/core/usermgmt/default_manager.go:139.2,148.36 4 1
knot_db/core/usermgmt/default_manager.go:148.36,150.3 1 0
knot_db/core/usermgmt/default_manager.go:151.2,151.15 1 1
knot_db/core/usermgmt/default_manager.go:155.120,156.34 1 0
knot_db/core/usermgmt/default_manager.go:156.34,158.3 1 0
knot_db/core/usermgmt/default_manager.go:159.2,160.9 2 0
knot_db/core/usermgmt/default_manager.go:160.9,162.3 1 0
knot_db/core/usermgmt/default_manager.go:163.2,164.30 2 0
knot_db/core/usermgmt/default_manager.go:164.30,166.3 1 0
knot_db/core/usermgmt/default_manager.go:167.2,167.22 1 0
knot_db/core/usermgmt/default_manager.go:170.45,172.28 2 1
knot_db/core/usermgmt/default_manager.go:172.28,174.3 1 1
knot_db/core/usermgmt/default_manager.go:177.46,179.16 2 1
knot_db/core/usermgmt/default_manager.go:179.16,181.3 1 0
knot_db/core/usermgmt/default_manager.go:182.2,182.46 1 1
knot_db/core/usermgmt/default_manager.go:185.78,187.16 2 1
knot_db/core/usermgmt/default_manager.go:187.16,189.3 1 0
knot_db/core/usermgmt/default_manager.go:190.2,190.18 1 1
knot_db/core/usermgmt/default_manager.go:190.18,192.3 1 1
knot_db/core/usermgmt/default_manager.go:194.2,195.16 2 1
knot_db/core/usermgmt/default_manager.go:195.16,197.3 1 0
knot_db/core/usermgmt/default_manager.go:198.2,199.16 2 1
knot_db/core/usermgmt/default_manager.go:199.16,201.3 1 0
knot_db/core/usermgmt/default_manager.go:202.2,203.59 2 1
knot_db/core/usermgmt/default_manager.go:203.59,205.3 1 0
knot_db/core/usermgmt/default_manager.go:206.2,213.16 4 1
knot_db/core/usermgmt/default_manager.go:213.16,215.3 1 0
knot_db/core/usermgmt/default_manager.go:216.2,216.31 1 1
knot_db/core/usermgmt/default_manager.go:219.76,220.17 1 1
knot_db/core/usermgmt/default_manager.go:220.17,222.51 2 1
knot_db/core/usermgmt/default_manager.go:222.51,224.4 1 0
knot_db/core/usermgmt/default_manager.go:225.3,225.41 1 1
knot_db/core/usermgmt/default_manager.go:225.41,227.4 1 0
knot_db/core/usermgmt/default_manager.go:228.3,229.17 2 1
knot_db/core/usermgmt/default_manager.go:229.17,231.4 1 0
knot_db/core/usermgmt/default_manager.go:232.3,233.17 2 1
knot_db/core/usermgmt/default_manager.go:233.17,235.4 1 0
knot_db/core/usermgmt/default_manager.go:236.3,237.17 2 1
knot_db/core/usermgmt/default_manager.go:237.17,239.4 1 0
knot_db/core/usermgmt/default_manager.go:240.3,241.17 2 1
knot_db/core/usermgmt/default_manager.go:241.17,243.4 1 0
knot_db/core/usermgmt/default_manager.go:244.3,245.17 2 1
knot_db/core/usermgmt/default_manager.go:245.17,247.4 1 1
knot_db/core/usermgmt/default_manager.go:248.3,249.55 2 0
knot_db/core/usermgmt/default_manager.go:249.55,251.4 1 0
knot_db/core/usermgmt/default_manager.go:252.3,252.20 1 0
knot_db/core/usermgmt/default_manager.go:256.2,257.98 2 0
knot_db/core/usermgmt/default_manager.go:257.98,259.3 1 0
knot_db/core/usermgmt/default_manager.go:260.2,261.52 2 0
knot_db/core/usermgmt/default_manager.go:261.52,263.3 1 0
knot_db/core/usermgmt/default_manager.go:264.2,264.19 1 0
knot_db/core/usermgmt/default_manager.go:267.52,269.13 2 1
knot_db/core/usermgmt/default_manager.go:269.13,271.3 1 1
knot_db/core/usermgmt/default_manager.go:272.2,273.16 2 1
knot_db/core/usermgmt/default_manager.go:273.16,275.3 1 0
knot_db/core/usermgmt/default_manager.go:276.2,276.24 1 1
knot_db/core/usermgmt/default_manager.go:276.24,278.3 1 0
knot_db/core/usermgmt/default_manager.go:279.2,279.27 1 1
knot_db/core/usermgmt/default_manager.go:282.45,284.2 1 1
